<?xml version="1.0" encoding="UTF-8"?>
<testsuites>
  <testsuite name="/app/phpunit-ci.xml" tests="25" assertions="373" errors="0" failures="0" skipped="0" time="3.234784">
    <testsuite name="Unit" tests="12" assertions="39" errors="0" failures="0" skipped="0" time="0.483518">
      <testsuite name="Tests\Unit\Playground\Directory\Models\Location\ModelTest" file="/app/tests/Unit/Models/Location/ModelTest.php" tests="3" assertions="10" errors="0" failures="0" skipped="0" time="0.227548">
        <testcase name="test_model_instance" file="/app/vendor/gammamatrix/playground-test/src/Unit/Models/ModelCase.php" line="113" class="Tests\Unit\Playground\Directory\Models\Location\ModelTest" classname="Tests.Unit.Playground.Directory.Models.Location.ModelTest" assertions="1" time="0.141207"/>
        <testcase name="test_verify_model_relationships" file="/app/vendor/gammamatrix/playground-test/src/Unit/Models/ModelCase.php" line="294" class="Tests\Unit\Playground\Directory\Models\Location\ModelTest" classname="Tests.Unit.Playground.Directory.Models.Location.ModelTest" assertions="6" time="0.049292"/>
        <testcase name="test_model_factory_make" file="/app/vendor/gammamatrix/playground-test/src/Unit/Models/ModelCase.php" line="310" class="Tests\Unit\Playground\Directory\Models\Location\ModelTest" classname="Tests.Unit.Playground.Directory.Models.Location.ModelTest" assertions="3" time="0.037050"/>
      </testsuite>
      <testsuite name="Tests\Unit\Playground\Directory\Models\LocationRevision\ModelTest" file="/app/tests/Unit/Models/LocationRevision/ModelTest.php" tests="3" assertions="9" errors="0" failures="0" skipped="0" time="0.084254">
        <testcase name="test_model_instance" file="/app/vendor/gammamatrix/playground-test/src/Unit/Models/ModelCase.php" line="113" class="Tests\Unit\Playground\Directory\Models\LocationRevision\ModelTest" classname="Tests.Unit.Playground.Directory.Models.LocationRevision.ModelTest" assertions="1" time="0.025773"/>
        <testcase name="test_verify_model_relationships" file="/app/vendor/gammamatrix/playground-test/src/Unit/Models/ModelCase.php" line="294" class="Tests\Unit\Playground\Directory\Models\LocationRevision\ModelTest" classname="Tests.Unit.Playground.Directory.Models.LocationRevision.ModelTest" assertions="5" time="0.030799"/>
        <testcase name="test_model_factory_make" file="/app/vendor/gammamatrix/playground-test/src/Unit/Models/ModelCase.php" line="310" class="Tests\Unit\Playground\Directory\Models\LocationRevision\ModelTest" classname="Tests.Unit.Playground.Directory.Models.LocationRevision.ModelTest" assertions="3" time="0.027682"/>
      </testsuite>
      <testsuite name="Tests\Unit\Playground\Directory\Models\Sublocation\ModelTest" file="/app/tests/Unit/Models/Sublocation/ModelTest.php" tests="3" assertions="10" errors="0" failures="0" skipped="0" time="0.085237">
        <testcase name="test_model_instance" file="/app/vendor/gammamatrix/playground-test/src/Unit/Models/ModelCase.php" line="113" class="Tests\Unit\Playground\Directory\Models\Sublocation\ModelTest" classname="Tests.Unit.Playground.Directory.Models.Sublocation.ModelTest" assertions="1" time="0.025144"/>
        <testcase name="test_verify_model_relationships" file="/app/vendor/gammamatrix/playground-test/src/Unit/Models/ModelCase.php" line="294" class="Tests\Unit\Playground\Directory\Models\Sublocation\ModelTest" classname="Tests.Unit.Playground.Directory.Models.Sublocation.ModelTest" assertions="6" time="0.032440"/>
        <testcase name="test_model_factory_make" file="/app/vendor/gammamatrix/playground-test/src/Unit/Models/ModelCase.php" line="310" class="Tests\Unit\Playground\Directory\Models\Sublocation\ModelTest" classname="Tests.Unit.Playground.Directory.Models.Sublocation.ModelTest" assertions="3" time="0.027653"/>
      </testsuite>
      <testsuite name="Tests\Unit\Playground\Directory\Models\SublocationRevision\ModelTest" file="/app/tests/Unit/Models/SublocationRevision/ModelTest.php" tests="3" assertions="10" errors="0" failures="0" skipped="0" time="0.086479">
        <testcase name="test_model_instance" file="/app/vendor/gammamatrix/playground-test/src/Unit/Models/ModelCase.php" line="113" class="Tests\Unit\Playground\Directory\Models\SublocationRevision\ModelTest" classname="Tests.Unit.Playground.Directory.Models.SublocationRevision.ModelTest" assertions="1" time="0.025896"/>
        <testcase name="test_verify_model_relationships" file="/app/vendor/gammamatrix/playground-test/src/Unit/Models/ModelCase.php" line="294" class="Tests\Unit\Playground\Directory\Models\SublocationRevision\ModelTest" classname="Tests.Unit.Playground.Directory.Models.SublocationRevision.ModelTest" assertions="6" time="0.033152"/>
        <testcase name="test_model_factory_make" file="/app/vendor/gammamatrix/playground-test/src/Unit/Models/ModelCase.php" line="310" class="Tests\Unit\Playground\Directory\Models\SublocationRevision\ModelTest" classname="Tests.Unit.Playground.Directory.Models.SublocationRevision.ModelTest" assertions="3" time="0.027431"/>
      </testsuite>
    </testsuite>
    <testsuite name="Feature" tests="13" assertions="334" errors="0" failures="0" skipped="0" time="2.751266">
      <testsuite name="Tests\Feature\Playground\Directory\Console\Commands\About\CommandTest" file="/app/tests/Feature/Console/Commands/About/CommandTest.php" tests="1" assertions="2" errors="0" failures="0" skipped="0" time="0.288381">
        <testcase name="test_command_about_displays_package_information_and_succeed" file="/app/tests/Feature/Console/Commands/About/CommandTest.php" line="37" class="Tests\Feature\Playground\Directory\Console\Commands\About\CommandTest" classname="Tests.Feature.Playground.Directory.Console.Commands.About.CommandTest" assertions="2" time="0.288381"/>
      </testsuite>
      <testsuite name="Tests\Feature\Playground\Directory\Models\Location\ModelTest" file="/app/tests/Feature/Models/Location/ModelTest.php" tests="3" assertions="89" errors="0" failures="0" skipped="0" time="0.650889">
        <testcase name="test_model_instance" file="/app/vendor/gammamatrix/playground-test/src/Feature/Models/ModelCase.php" line="123" class="Tests\Feature\Playground\Directory\Models\Location\ModelTest" classname="Tests.Feature.Playground.Directory.Models.Location.ModelTest" assertions="1" time="0.155579"/>
        <testcase name="test_verify_model_relationships" file="/app/vendor/gammamatrix/playground-test/src/Feature/Models/ModelCase.php" line="202" class="Tests\Feature\Playground\Directory\Models\Location\ModelTest" classname="Tests.Feature.Playground.Directory.Models.Location.ModelTest" assertions="84" time="0.333355"/>
        <testcase name="test_factory_create" file="/app/vendor/gammamatrix/playground-test/src/Feature/Models/ModelCase.php" line="223" class="Tests\Feature\Playground\Directory\Models\Location\ModelTest" classname="Tests.Feature.Playground.Directory.Models.Location.ModelTest" assertions="4" time="0.161955"/>
      </testsuite>
      <testsuite name="Tests\Feature\Playground\Directory\Models\LocationRevision\ModelTest" file="/app/tests/Feature/Models/LocationRevision/ModelTest.php" tests="3" assertions="71" errors="0" failures="0" skipped="0" time="0.580450">
        <testcase name="test_model_instance" file="/app/vendor/gammamatrix/playground-test/src/Feature/Models/ModelCase.php" line="123" class="Tests\Feature\Playground\Directory\Models\LocationRevision\ModelTest" classname="Tests.Feature.Playground.Directory.Models.LocationRevision.ModelTest" assertions="1" time="0.149825"/>
        <testcase name="test_verify_model_relationships" file="/app/vendor/gammamatrix/playground-test/src/Feature/Models/ModelCase.php" line="202" class="Tests\Feature\Playground\Directory\Models\LocationRevision\ModelTest" classname="Tests.Feature.Playground.Directory.Models.LocationRevision.ModelTest" assertions="66" time="0.264921"/>
        <testcase name="test_factory_create" file="/app/vendor/gammamatrix/playground-test/src/Feature/Models/ModelCase.php" line="223" class="Tests\Feature\Playground\Directory\Models\LocationRevision\ModelTest" classname="Tests.Feature.Playground.Directory.Models.LocationRevision.ModelTest" assertions="4" time="0.165703"/>
      </testsuite>
      <testsuite name="Tests\Feature\Playground\Directory\Models\Sublocation\ModelTest" file="/app/tests/Feature/Models/Sublocation/ModelTest.php" tests="3" assertions="87" errors="0" failures="0" skipped="0" time="0.623581">
        <testcase name="test_model_instance" file="/app/vendor/gammamatrix/playground-test/src/Feature/Models/ModelCase.php" line="123" class="Tests\Feature\Playground\Directory\Models\Sublocation\ModelTest" classname="Tests.Feature.Playground.Directory.Models.Sublocation.ModelTest" assertions="1" time="0.153055"/>
        <testcase name="test_verify_model_relationships" file="/app/vendor/gammamatrix/playground-test/src/Feature/Models/ModelCase.php" line="202" class="Tests\Feature\Playground\Directory\Models\Sublocation\ModelTest" classname="Tests.Feature.Playground.Directory.Models.Sublocation.ModelTest" assertions="82" time="0.306204"/>
        <testcase name="test_factory_create" file="/app/vendor/gammamatrix/playground-test/src/Feature/Models/ModelCase.php" line="223" class="Tests\Feature\Playground\Directory\Models\Sublocation\ModelTest" classname="Tests.Feature.Playground.Directory.Models.Sublocation.ModelTest" assertions="4" time="0.164322"/>
      </testsuite>
      <testsuite name="Tests\Feature\Playground\Directory\Models\SublocationRevision\ModelTest" file="/app/tests/Feature/Models/SublocationRevision/ModelTest.php" tests="3" assertions="85" errors="0" failures="0" skipped="0" time="0.607965">
        <testcase name="test_model_instance" file="/app/vendor/gammamatrix/playground-test/src/Feature/Models/ModelCase.php" line="123" class="Tests\Feature\Playground\Directory\Models\SublocationRevision\ModelTest" classname="Tests.Feature.Playground.Directory.Models.SublocationRevision.ModelTest" assertions="1" time="0.150759"/>
        <testcase name="test_verify_model_relationships" file="/app/vendor/gammamatrix/playground-test/src/Feature/Models/ModelCase.php" line="202" class="Tests\Feature\Playground\Directory\Models\SublocationRevision\ModelTest" classname="Tests.Feature.Playground.Directory.Models.SublocationRevision.ModelTest" assertions="80" time="0.290257"/>
        <testcase name="test_factory_create" file="/app/vendor/gammamatrix/playground-test/src/Feature/Models/ModelCase.php" line="223" class="Tests\Feature\Playground\Directory\Models\SublocationRevision\ModelTest" classname="Tests.Feature.Playground.Directory.Models.SublocationRevision.ModelTest" assertions="4" time="0.166949"/>
      </testsuite>
    </testsuite>
  </testsuite>
</testsuites>
